<area shape="rect" href="$efreet__base_8h.html" title="Contains the methods used to support the FDO base directory specification." alt="" coords="123,84,232,111">
<area shape="rect" href="$efreet__ini_8h.html" title="efreet_ini.h" alt="" coords="256,84,347,111">
<area shape="rect" href="$efreet__icon_8h.html" title="Contains the structures and methods used to support the FDO icon theme specificiation..." alt="" coords="371,84,475,111">
<area shape="rect" href="$efreet__desktop_8h.html" title="Contains the structures and methods used to support the FDO desktop entry specificiation..." alt="" coords="499,84,627,111">
<area shape="rect" href="$efreet__menu_8h.html" title="Contains the structures and methods to support the Desktop Menu Specification." alt="" coords="651,84,765,111">
<area shape="rect" href="$efreet__utils_8h.html" title="efreet_utils.h" alt="" coords="789,84,893,111">
<area shape="rect" href="$efreet__uri_8h.html" title="Contains the methods used to support the FDO URI specification." alt="" coords="5,84,99,111">
