<area shape="rect" href="$Efreet_8h.html" title="The file that must be included by any project wishing to use Efreet. Efreet.h provides..." alt="" coords="519,84,591,111">
<area shape="rect" href="$Efreet__Mime_8h.html" title="The file that must be included by any project wishing to use." alt="" coords="1520,84,1632,111">
<area shape="rect" href="$efreet__private_8h.html" title="Contains methods and defines that are private to the Efreet implementaion." alt="" coords="1656,84,1779,111">
<area shape="rect" href="$efreet__base_8h.html" title="Contains the methods used to support the FDO base directory specification." alt="" coords="145,161,255,188">
<area shape="rect" href="$efreet__ini_8h.html" title="efreet_ini.h" alt="" coords="815,161,905,188">
<area shape="rect" href="$efreet__icon_8h.html" title="Contains the structures and methods used to support the FDO icon theme specificiation..." alt="" coords="17,161,121,188">
<area shape="rect" href="$efreet__desktop_8h.html" title="Contains the structures and methods used to support the FDO desktop entry specificiation..." alt="" coords="279,161,407,188">
<area shape="rect" href="$efreet__menu_8h.html" title="Contains the structures and methods to support the Desktop Menu Specification." alt="" coords="431,161,545,188">
<area shape="rect" href="$efreet__utils_8h.html" title="efreet_utils.h" alt="" coords="569,161,673,188">
<area shape="rect" href="$efreet__uri_8h.html" title="Contains the methods used to support the FDO URI specification." alt="" coords="697,161,791,188">
<area shape="rect" href="$efreet__xml_8h.html" title="efreet_xml.h" alt="" coords="1543,161,1644,188">
