<area shape="rect" href="$efreet_8c.html" title="lib/efreet.c" alt="" coords="5,84,93,111">
<area shape="rect" href="$efreet__base_8c.html" title="lib/efreet_base.c" alt="" coords="117,84,243,111">
<area shape="rect" href="$efreet__desktop_8c.html" title="lib/efreet_desktop.c" alt="" coords="267,84,413,111">
<area shape="rect" href="$efreet__icon_8c.html" title="lib/efreet_icon.c" alt="" coords="437,84,557,111">
<area shape="rect" href="$efreet__ini_8c.html" title="lib/efreet_ini.c" alt="" coords="581,84,691,111">
<area shape="rect" href="$efreet__menu_8c.html" title="lib/efreet_menu.c" alt="" coords="715,84,845,111">
<area shape="rect" href="$efreet__mime_8c.html" title="lib/efreet_mime.c" alt="" coords="869,84,1000,111">
<area shape="rect" href="$efreet__trash_8c.html" title="lib/efreet_trash.c" alt="" coords="1024,84,1152,111">
<area shape="rect" href="$efreet__uri_8c.html" title="lib/efreet_uri.c" alt="" coords="1176,84,1288,111">
<area shape="rect" href="$efreet__utils_8c.html" title="lib/efreet_utils.c" alt="" coords="1312,84,1432,111">
<area shape="rect" href="$efreet__xml_8c.html" title="lib/efreet_xml.c" alt="" coords="1456,84,1573,111">
