<area shape="rect" href="$Efreet_8h.html" title="The file that must be included by any project wishing to use Efreet. Efreet.h provides..." alt="" coords="667,84,755,111">
<area shape="rect" href="$efreet__private_8h.html" title="Contains methods and defines that are private to the Efreet implementaion." alt="" coords="779,84,917,111">
<area shape="rect" href="$efreet_8c.html" title="lib/efreet.c" alt="" coords="733,161,821,188">
<area shape="rect" href="$efreet__base_8c.html" title="lib/efreet_base.c" alt="" coords="845,161,971,188">
<area shape="rect" href="$efreet__desktop_8c.html" title="lib/efreet_desktop.c" alt="" coords="995,161,1141,188">
<area shape="rect" href="$efreet__icon_8c.html" title="lib/efreet_icon.c" alt="" coords="1165,161,1285,188">
<area shape="rect" href="$efreet__ini_8c.html" title="lib/efreet_ini.c" alt="" coords="1309,161,1419,188">
<area shape="rect" href="$efreet__menu_8c.html" title="lib/efreet_menu.c" alt="" coords="1443,161,1573,188">
<area shape="rect" href="$efreet__mime_8c.html" title="lib/efreet_mime.c" alt="" coords="5,161,136,188">
<area shape="rect" href="$efreet__trash_8c.html" title="lib/efreet_trash.c" alt="" coords="160,161,288,188">
<area shape="rect" href="$efreet__uri_8c.html" title="lib/efreet_uri.c" alt="" coords="312,161,424,188">
<area shape="rect" href="$efreet__utils_8c.html" title="lib/efreet_utils.c" alt="" coords="448,161,568,188">
<area shape="rect" href="$efreet__xml_8c.html" title="lib/efreet_xml.c" alt="" coords="592,161,709,188">
