<area shape="rect" href="$Efreet_8h.html" title="The file that must be included by any project wishing to use Efreet. Efreet.h provides..." alt="" coords="2133,84,2205,111">
<area shape="rect" href="$efreet__private_8h.html" title="Contains methods and defines that are private to the Efreet implementaion." alt="" coords="927,84,1049,111">
<area shape="rect" href="$efreet__base_8h.html" title="Contains the methods used to support the FDO base directory specification." alt="" coords="2429,161,2539,188">
<area shape="rect" href="$efreet__ini_8h.html" title="efreet_ini.h" alt="" coords="1779,161,1869,188">
<area shape="rect" href="$efreet__icon_8h.html" title="Contains the structures and methods used to support the FDO icon theme specificiation..." alt="" coords="2563,161,2667,188">
<area shape="rect" href="$efreet__desktop_8h.html" title="Contains the structures and methods used to support the FDO desktop entry specificiation..." alt="" coords="1893,161,2021,188">
<area shape="rect" href="$efreet__menu_8h.html" title="Contains the structures and methods to support the Desktop Menu Specification." alt="" coords="2045,161,2160,188">
<area shape="rect" href="$efreet__utils_8h.html" title="efreet_utils.h" alt="" coords="2184,161,2288,188">
<area shape="rect" href="$efreet__uri_8h.html" title="Contains the methods used to support the FDO URI specification." alt="" coords="2312,161,2405,188">
<area shape="rect" href="$efreet__xml_8h.html" title="efreet_xml.h" alt="" coords="1416,161,1517,188">
