<area shape="rect" href="$efreet__base_8h.html" title="Contains the methods used to support the FDO base directory specification." alt="" coords="115,82,213,106">
<area shape="rect" href="$efreet__ini_8h.html" title="efreet_ini.h" alt="" coords="237,82,323,106">
<area shape="rect" href="$efreet__icon_8h.html" title="Contains the structures and methods used to support the FDO icon theme specificiation..." alt="" coords="347,82,443,106">
<area shape="rect" href="$efreet__desktop_8h.html" title="Contains the structures and methods used to support the FDO desktop entry specificiation..." alt="" coords="467,82,584,106">
<area shape="rect" href="$efreet__menu_8h.html" title="Contains the structures and methods to support the Desktop Menu Specification." alt="" coords="608,82,712,106">
<area shape="rect" href="$efreet__utils_8h.html" title="efreet_utils.h" alt="" coords="736,82,832,106">
<area shape="rect" href="$efreet__uri_8h.html" title="Contains the methods used to support the FDO URI specification." alt="" coords="5,82,91,106">
