<area shape="rect" href="$Efreet_8h.html" title="The file that must be included by any project wishing to use Efreet. Efreet.h provides..." alt="" coords="736,84,824,111">
<area shape="rect" href="$efreet_8c.html" title="lib/efreet.c" alt="" coords="5,161,93,188">
<area shape="rect" href="$efreet__base_8c.html" title="lib/efreet_base.c" alt="" coords="117,161,243,188">
<area shape="rect" href="$efreet__desktop_8c.html" title="lib/efreet_desktop.c" alt="" coords="267,161,413,188">
<area shape="rect" href="$efreet__icon_8c.html" title="lib/efreet_icon.c" alt="" coords="437,161,557,188">
<area shape="rect" href="$efreet__ini_8c.html" title="lib/efreet_ini.c" alt="" coords="581,161,691,188">
<area shape="rect" href="$efreet__menu_8c.html" title="lib/efreet_menu.c" alt="" coords="715,161,845,188">
<area shape="rect" href="$efreet__mime_8c.html" title="lib/efreet_mime.c" alt="" coords="869,161,1000,188">
<area shape="rect" href="$efreet__trash_8c.html" title="lib/efreet_trash.c" alt="" coords="1024,161,1152,188">
<area shape="rect" href="$efreet__uri_8c.html" title="lib/efreet_uri.c" alt="" coords="1176,161,1288,188">
<area shape="rect" href="$efreet__utils_8c.html" title="lib/efreet_utils.c" alt="" coords="1312,161,1432,188">
<area shape="rect" href="$efreet__xml_8c.html" title="lib/efreet_xml.c" alt="" coords="1456,161,1573,188">
