<area shape="rect" href="$efreet_8c.html" title="lib/efreet.c" alt="" coords="5,81,88,105">
<area shape="rect" href="$efreet__base_8c.html" title="lib/efreet_base.c" alt="" coords="112,81,229,105">
<area shape="rect" href="$efreet__desktop_8c.html" title="lib/efreet_desktop.c" alt="" coords="253,81,389,105">
<area shape="rect" href="$efreet__icon_8c.html" title="lib/efreet_icon.c" alt="" coords="413,81,525,105">
<area shape="rect" href="$efreet__ini_8c.html" title="lib/efreet_ini.c" alt="" coords="549,81,651,105">
<area shape="rect" href="$efreet__menu_8c.html" title="lib/efreet_menu.c" alt="" coords="675,81,795,105">
<area shape="rect" href="$efreet__mime_8c.html" title="lib/efreet_mime.c" alt="" coords="819,81,939,105">
<area shape="rect" href="$efreet__trash_8c.html" title="lib/efreet_trash.c" alt="" coords="963,81,1080,105">
<area shape="rect" href="$efreet__uri_8c.html" title="lib/efreet_uri.c" alt="" coords="1104,81,1208,105">
<area shape="rect" href="$efreet__utils_8c.html" title="lib/efreet_utils.c" alt="" coords="1232,81,1344,105">
<area shape="rect" href="$efreet__xml_8c.html" title="lib/efreet_xml.c" alt="" coords="1368,81,1477,105">
